[amincode.com/tm-html/flex-it/home-6.html]
[amincode.com/tm-html/flex-it/assets/images/fav-icon/fav-icon.png]
[amincode.com/tm-html/flex-it/css/vendors/bootstrap.min.css]
[amincode.com/tm-html/flex-it/css/vendors/animate.css]
[amincode.com/tm-html/flex-it/css/vendors/swiper-bundle.min.css]
[amincode.com/tm-html/flex-it/css/vendors/flaticon/flaticon.css]
[amincode.com/tm-html/flex-it/css/vendors/all.min.css]
[amincode.com/tm-html/flex-it/css/vendors/bootstrap-icons-1.9.1/bootstrap-icons.css]
[amincode.com/tm-html/flex-it/css/vendors/jquery.fancybox.min.css]
[backblue.gif]
[fade.gif]
[index.html]
[amincode.com/tm-html/flex-it/css/main-LTR.css]
[amincode.com/tm-html/flex-it/assets/images/logo/logo-light.png]
[amincode.com/tm-html/flex-it/assets/images/logo/logo-dark.png]
[amincode.com/tm-html/flex-it/home-2.html]
[amincode.com/tm-html/flex-it/index.html]
[amincode.com/tm-html/flex-it/home-3.html]
[amincode.com/tm-html/flex-it/home-4.html]
[amincode.com/tm-html/flex-it/home-5.html]
[amincode.com/tm-html/flex-it/home-rtl.html]
[amincode.com/tm-html/flex-it/about-us.html]
[amincode.com/tm-html/flex-it/services.html]
[amincode.com/tm-html/flex-it/service-single.html]
[amincode.com/tm-html/flex-it/portfolio-grid.html]
[amincode.com/tm-html/flex-it/portfolio-slider.html]
[amincode.com/tm-html/flex-it/portfolio-single.html]
[amincode.com/tm-html/flex-it/blog-home-1-col.html]
[amincode.com/tm-html/flex-it/blog-home-2-col.html]
[amincode.com/tm-html/flex-it/blog-home-3-col.html]
[amincode.com/tm-html/flex-it/post-single.html]
[amincode.com/tm-html/flex-it/pricing.html]
[amincode.com/tm-html/flex-it/our-team.html]
[amincode.com/tm-html/flex-it/team-member.html]
[amincode.com/tm-html/flex-it/faq.html]
[amincode.com/tm-html/flex-it/404.html]
[amincode.com/tm-html/flex-it/contact-us.html]
[amincode.com/tm-html/flex-it/assets/videos/section-bg-video-1.mp4]
[amincode.com/tm-html/flex-it/assets/images/about/1.png]
[amincode.com/tm-html/flex-it/assets/images/about/2.png]
[amincode.com/tm-html/flex-it/assets/images/portfolio/1.jpg]
[amincode.com/tm-html/flex-it/assets/images/portfolio/2.jpg]
[amincode.com/tm-html/flex-it/assets/images/portfolio/3.jpg]
[amincode.com/tm-html/flex-it/assets/images/portfolio/4.jpg]
[amincode.com/tm-html/flex-it/assets/images/portfolio/5.jpg]
[amincode.com/tm-html/flex-it/assets/images/portfolio/6.jpg]
[amincode.com/tm-html/flex-it/assets/images/clients-logos/1-white.png]
[amincode.com/tm-html/flex-it/assets/images/clients-logos/2-white.png]
[amincode.com/tm-html/flex-it/assets/images/clients-logos/3-white.png]
[amincode.com/tm-html/flex-it/assets/images/clients-logos/4-white.png]
[amincode.com/tm-html/flex-it/assets/images/clients-logos/5-white.png]
[amincode.com/tm-html/flex-it/assets/images/clients-logos/6-white.png]
[amincode.com/tm-html/flex-it/assets/images/clients-logos/7-white.png]
[amincode.com/tm-html/flex-it/assets/images/testimonials/1.png]
[amincode.com/tm-html/flex-it/assets/images/testimonials/2.png]
[amincode.com/tm-html/flex-it/assets/images/testimonials/3.png]
[amincode.com/tm-html/flex-it/assets/images/blog/post-images/1.jpg]
[amincode.com/tm-html/flex-it/assets/images/blog/post-images/2.jpg]
[amincode.com/tm-html/flex-it/assets/images/blog/post-images/3.jpg]
[amincode.com/tm-html/flex-it/assets/images/logo/logo-colored.png]
[amincode.com/tm-html/flex-it/js/vendors/jquery-3.6.1.min.js]
[amincode.com/tm-html/flex-it/js/vendors/appear.min.js]
[amincode.com/tm-html/flex-it/js/vendors/bootstrap.bundle.min.js]
[amincode.com/tm-html/flex-it/js/vendors/jquery.countTo.js]
[amincode.com/tm-html/flex-it/js/vendors/wow.min.js]
[amincode.com/tm-html/flex-it/js/vendors/swiper-bundle.min.js]
[amincode.com/tm-html/flex-it/js/vendors/particles.min.js]
[amincode.com/tm-html/flex-it/js/vendors/vanilla-tilt.min.js]
[amincode.com/tm-html/flex-it/js/vendors/isotope-min.js]
[amincode.com/tm-html/flex-it/js/vendors/jquery.fancybox.min.js]
[amincode.com/tm-html/flex-it/home-6.html]
[amincode.com/tm-html/flex-it/css/vendors/bootstrap.min.css]
[amincode.com/tm-html/flex-it/css/vendors/animate.css]
[amincode.com/tm-html/flex-it/css/vendors/swiper-bundle.min.css]
[amincode.com/tm-html/flex-it/js/main.js]
[amincode.com/tm-html/flex-it/css/vendors/flaticon/flaticond976.woff]
[amincode.com/tm-html/flex-it/css/vendors/flaticon/flaticond976.ttf]
[amincode.com/tm-html/flex-it/css/vendors/flaticon/flaticond976.woff2]
[amincode.com/tm-html/flex-it/css/vendors/flaticon/flaticond976.eot]
[amincode.com/tm-html/flex-it/css/vendors/flaticon/flaticon.css]
[amincode.com/tm-html/flex-it/css/webfonts/fa-brands-400.woff2]
[amincode.com/tm-html/flex-it/css/webfonts/fa-brands-400.ttf]
[amincode.com/tm-html/flex-it/css/vendors/flaticon/flaticond976.svg]
[amincode.com/tm-html/flex-it/css/webfonts/fa-regular-400.woff2]
[amincode.com/tm-html/flex-it/css/webfonts/fa-regular-400.ttf]
[amincode.com/tm-html/flex-it/css/webfonts/fa-solid-900.woff2]
[amincode.com/tm-html/flex-it/css/webfonts/fa-solid-900.ttf]
[amincode.com/tm-html/flex-it/css/webfonts/fa-v4compatibility.woff2]
[amincode.com/tm-html/flex-it/css/webfonts/fa-v4compatibility.ttf]
[amincode.com/tm-html/flex-it/css/vendors/all.min.css]
[amincode.com/tm-html/flex-it/css/vendors/bootstrap-icons-1.9.1/fonts/bootstrap-iconsd862.woff2]
[amincode.com/tm-html/flex-it/css/vendors/bootstrap-icons-1.9.1/fonts/bootstrap-iconsd862.woff]
[amincode.com/tm-html/flex-it/css/vendors/bootstrap-icons-1.9.1/bootstrap-icons.css]
[amincode.com/tm-html/flex-it/css/vendors/jquery.fancybox.min.css]
[amincode.com/tm-html/flex-it/assets/images/about/signature-dark.png]
[amincode.com/tm-html/flex-it/assets/images/about/signature-light.png]
[amincode.com/tm-html/flex-it/css/main-LTR.css]
[amincode.com/tm-html/flex-it/assets/images/hero/hero-bg-2.jpg]
[amincode.com/tm-html/flex-it/assets/images/hero/hero-bg-1.jpg]
[amincode.com/tm-html/flex-it/assets/images/hero/hero-bg-3.jpg]
[amincode.com/tm-html/flex-it/index.html]
[amincode.com/tm-html/flex-it/assets/images/hero/illustration-3.png]
[amincode.com/tm-html/flex-it/home-2.html]
[amincode.com/tm-html/flex-it/home-3.html]
[amincode.com/tm-html/flex-it/home-4.html]
[amincode.com/tm-html/flex-it/home-5.html]
[amincode.com/tm-html/flex-it/home-rtl.html]
[amincode.com/tm-html/flex-it/about-us.html]
[amincode.com/tm-html/flex-it/services.html]
[amincode.com/tm-html/flex-it/service-single.html]
[amincode.com/tm-html/flex-it/portfolio-grid.html]
[amincode.com/tm-html/flex-it/portfolio-slider.html]
[amincode.com/tm-html/flex-it/portfolio-single.html]
[amincode.com/tm-html/flex-it/blog-home-1-col.html]
[amincode.com/tm-html/flex-it/blog-home-2-col.html]
[amincode.com/tm-html/flex-it/blog-home-3-col.html]
[amincode.com/tm-html/flex-it/post-single.html]
[amincode.com/tm-html/flex-it/pricing.html]
[amincode.com/tm-html/flex-it/our-team.html]
[amincode.com/tm-html/flex-it/team-member.html]
[amincode.com/tm-html/flex-it/faq.html]
[amincode.com/tm-html/flex-it/404.html]
[amincode.com/tm-html/flex-it/contact-us.html]
[amincode.com/tm-html/flex-it/js/vendors/jquery-3.6.1.min.js]
[amincode.com/tm-html/flex-it/js/vendors/appear.min.js]
[amincode.com/tm-html/flex-it/js/vendors/bootstrap.bundle.min.js]
[amincode.com/tm-html/flex-it/js/vendors/jquery.countTo.js]
[amincode.com/tm-html/flex-it/js/vendors/wow.min.js]
[amincode.com/tm-html/flex-it/e]
[amincode.com/tm-html/flex-it/a.params.url]
[amincode.com/tm-html/flex-it/js/vendors/swiper-bundle.min.js]
[amincode.com/tm-html/flex-it/GET]
[amincode.com/tm-html/flex-it/Error pJS - No image.src]
[amincode.com/tm-html/flex-it/js/vendors/particles.min.js]
[amincode.com/tm-html/flex-it/js/vendors/vanilla-tilt.min.js]
[amincode.com/tm-html/flex-it/js/vendors/isotope-min.js]
[amincode.com/tm-html/flex-it/js/vendors/jquery.fancybox.min.js]
[amincode.com/tm-html/flex-it/${$(this]
[amincode.com/tm-html/flex-it/js/main.js]
[amincode.com/tm-html/flex-it/css/vendors/flaticon/flaticond976.svg]
[amincode.com/tm-html/flex-it/assets/images/hero/illustration-2.html]
[amincode.com/tm-html/flex-it/assets/images/about/photo-1.html]
[amincode.com/tm-html/flex-it/assets/images/about/photo-2.html]
[amincode.com/tm-html/flex-it/assets/images/hero/illustration-1.html]
[amincode.com/tm-html/flex-it/assets/images/hero/illustration-4.html]
[amincode.com/tm-html/flex-it/css/main-RTL.html]
[amincode.com/tm-html/flex-it/assets/images/our-team/1.html]
[amincode.com/tm-html/flex-it/assets/images/our-team/2.html]
[amincode.com/tm-html/flex-it/assets/images/our-team/3.html]
[amincode.com/tm-html/flex-it/assets/images/services/service-single-featured-img.html]
[amincode.com/tm-html/flex-it/assets/images/services/service-single-img-col-1.html]
[amincode.com/tm-html/flex-it/assets/images/services/service-single-img-col-2.html]
[amincode.com/tm-html/flex-it/assets/images/portfolio/featured-image.html]
[amincode.com/tm-html/flex-it/assets/images/portfolio/seal.html]
[amincode.com/tm-html/flex-it/assets/images/blog/post-images/4.html]
[amincode.com/tm-html/flex-it/assets/images/blog/post-images/5.html]
[amincode.com/tm-html/flex-it/assets/images/blog/post-images/6.html]
[amincode.com/tm-html/flex-it/assets/images/blog/recent-posts/1.html]
[amincode.com/tm-html/flex-it/assets/images/blog/recent-posts/2.html]
[amincode.com/tm-html/flex-it/assets/images/blog/recent-posts/3.html]
[amincode.com/tm-html/flex-it/assets/images/blog/recent-posts/4.html]
[amincode.com/tm-html/flex-it/assets/images/blog/post-images/featured-img.html]
[amincode.com/tm-html/flex-it/assets/images/blog/post-images/post-img.html]
[amincode.com/tm-html/flex-it/assets/images/blog/avatars/1.html]
[amincode.com/tm-html/flex-it/assets/images/blog/avatars/2.html]
[amincode.com/tm-html/flex-it/assets/images/blog/avatars/3.html]
[amincode.com/tm-html/flex-it/assets/images/blog/avatars/4.html]
[amincode.com/tm-html/flex-it/assets/images/our-team/4.html]
[amincode.com/tm-html/flex-it/assets/images/our-team/5.html]
[amincode.com/tm-html/flex-it/assets/images/our-team/6.html]
[amincode.com/tm-html/flex-it/assets/images/our-team/7.html]
[amincode.com/tm-html/flex-it/assets/images/our-team/8.html]
[amincode.com/tm-html/flex-it/assets/images/our-team/cert-1.html]
[amincode.com/tm-html/flex-it/assets/images/our-team/cert-2.html]
[amincode.com/tm-html/flex-it/e.html]
[amincode.com/tm-html/flex-it/a.params.html]
[amincode.com/tm-html/flex-it/GET.html]
[amincode.com/tm-html/flex-it/Error pJS - No image.html]
[amincode.com/tm-html/flex-it/${$(this.html]
